MPLINK 5.08, LINKER
Linker Map File - Created Thu Aug 04 23:55:36 2016

                                 Section Info
                  Section       Type    Address   Location Size(Bytes)
                ---------  ---------  ---------  ---------  ---------
                   .org_0       code   0x000000    program   0x000004
                   .cinit    romdata   0x000004    program   0x000002
                   .org_1       code   0x000008    program   0x000046
.config_300000_BUILD/DEFAULT/DEBUG/INTERRUPTMAI    romdata   0x300000    program   0x000001
.config_300001_BUILD/DEFAULT/DEBUG/INTERRUPTMAI    romdata   0x300001    program   0x000001
.config_300002_BUILD/DEFAULT/DEBUG/INTERRUPTMAI    romdata   0x300002    program   0x000001
.config_300003_BUILD/DEFAULT/DEBUG/INTERRUPTMAI    romdata   0x300003    program   0x000001
.config_300005_BUILD/DEFAULT/DEBUG/INTERRUPTMAI    romdata   0x300005    program   0x000001
.config_300006_BUILD/DEFAULT/DEBUG/INTERRUPTMAI    romdata   0x300006    program   0x000001
.config_300008_BUILD/DEFAULT/DEBUG/INTERRUPTMAI    romdata   0x300008    program   0x000001
.config_300009_BUILD/DEFAULT/DEBUG/INTERRUPTMAI    romdata   0x300009    program   0x000001
.config_30000A_BUILD/DEFAULT/DEBUG/INTERRUPTMAI    romdata   0x30000a    program   0x000001
.config_30000B_BUILD/DEFAULT/DEBUG/INTERRUPTMAI    romdata   0x30000b    program   0x000001
.config_30000C_BUILD/DEFAULT/DEBUG/INTERRUPTMAI    romdata   0x30000c    program   0x000001
.config_30000D_BUILD/DEFAULT/DEBUG/INTERRUPTMAI    romdata   0x30000d    program   0x000001



                              Program Memory Usage 
                               Start         End      
                           ---------   ---------      
                            0x000000    0x000005      
                            0x000008    0x00004d      
                            0x300000    0x300003      
                            0x300005    0x300006      
                            0x300008    0x30000d      
            88 out of 33048 program addresses used, program memory utilization is 0%



                              Symbols - Sorted by Name
                     Name    Address   Location    Storage File                     
                ---------  ---------  ---------  --------- ---------                
                   CCPISR   0x000026    program     static C:\Users\Julian Santos\MPLABXProjects\InterruptAssembler.X\InterruptMain.asm
                     S200   0x000048    program     static C:\Users\Julian Santos\MPLABXProjects\InterruptAssembler.X\InterruptMain.asm
                     S500   0x000044    program     static C:\Users\Julian Santos\MPLABXProjects\InterruptAssembler.X\InterruptMain.asm
             _.org_1_0044   0x000044    program     static C:\Users\Julian Santos\MPLABXProjects\InterruptAssembler.X\InterruptMain.asm
             _.org_1_0048   0x000048    program     static C:\Users\Julian Santos\MPLABXProjects\InterruptAssembler.X\InterruptMain.asm
                    bucle   0x000038    program     static C:\Users\Julian Santos\MPLABXProjects\InterruptAssembler.X\InterruptMain.asm
                     here   0x000022    program     static C:\Users\Julian Santos\MPLABXProjects\InterruptAssembler.X\InterruptMain.asm
                  initccp   0x000012    program     static C:\Users\Julian Santos\MPLABXProjects\InterruptAssembler.X\InterruptMain.asm
                     main   0x00000c    program     static C:\Users\Julian Santos\MPLABXProjects\InterruptAssembler.X\InterruptMain.asm



                              Symbols - Sorted by Address
                     Name    Address   Location    Storage File                     
                ---------  ---------  ---------  --------- ---------                
                     main   0x00000c    program     static C:\Users\Julian Santos\MPLABXProjects\InterruptAssembler.X\InterruptMain.asm
                  initccp   0x000012    program     static C:\Users\Julian Santos\MPLABXProjects\InterruptAssembler.X\InterruptMain.asm
                     here   0x000022    program     static C:\Users\Julian Santos\MPLABXProjects\InterruptAssembler.X\InterruptMain.asm
                   CCPISR   0x000026    program     static C:\Users\Julian Santos\MPLABXProjects\InterruptAssembler.X\InterruptMain.asm
                    bucle   0x000038    program     static C:\Users\Julian Santos\MPLABXProjects\InterruptAssembler.X\InterruptMain.asm
                     S500   0x000044    program     static C:\Users\Julian Santos\MPLABXProjects\InterruptAssembler.X\InterruptMain.asm
             _.org_1_0044   0x000044    program     static C:\Users\Julian Santos\MPLABXProjects\InterruptAssembler.X\InterruptMain.asm
                     S200   0x000048    program     static C:\Users\Julian Santos\MPLABXProjects\InterruptAssembler.X\InterruptMain.asm
             _.org_1_0048   0x000048    program     static C:\Users\Julian Santos\MPLABXProjects\InterruptAssembler.X\InterruptMain.asm


