MPLINK 5.08, LINKER
Linker Map File - Created Fri Aug 05 11:54:59 2016

                                 Section Info
                  Section       Type    Address   Location Size(Bytes)
                ---------  ---------  ---------  ---------  ---------
                   .org_0       code   0x000000    program   0x000004
                   .cinit    romdata   0x000004    program   0x000002
                   .org_1       code   0x000008    program   0x0000aa
.config_300000_BUILD/DEFAULT/PRODUCTION/INTERRU    romdata   0x300000    program   0x000001
.config_300001_BUILD/DEFAULT/PRODUCTION/INTERRU    romdata   0x300001    program   0x000001
.config_300002_BUILD/DEFAULT/PRODUCTION/INTERRU    romdata   0x300002    program   0x000001
.config_300003_BUILD/DEFAULT/PRODUCTION/INTERRU    romdata   0x300003    program   0x000001
.config_300005_BUILD/DEFAULT/PRODUCTION/INTERRU    romdata   0x300005    program   0x000001
.config_300006_BUILD/DEFAULT/PRODUCTION/INTERRU    romdata   0x300006    program   0x000001
.config_300008_BUILD/DEFAULT/PRODUCTION/INTERRU    romdata   0x300008    program   0x000001
.config_300009_BUILD/DEFAULT/PRODUCTION/INTERRU    romdata   0x300009    program   0x000001
.config_30000A_BUILD/DEFAULT/PRODUCTION/INTERRU    romdata   0x30000a    program   0x000001
.config_30000B_BUILD/DEFAULT/PRODUCTION/INTERRU    romdata   0x30000b    program   0x000001
.config_30000C_BUILD/DEFAULT/PRODUCTION/INTERRU    romdata   0x30000c    program   0x000001
.config_30000D_BUILD/DEFAULT/PRODUCTION/INTERRU    romdata   0x30000d    program   0x000001



                              Program Memory Usage 
                               Start         End      
                           ---------   ---------      
                            0x000000    0x000005      
                            0x000008    0x0000b1      
                            0x300000    0x300003      
                            0x300005    0x300006      
                            0x300008    0x30000d      
            188 out of 33048 program addresses used, program memory utilization is 0%



                              Symbols - Sorted by Name
                     Name    Address   Location    Storage File                     
                ---------  ---------  ---------  --------- ---------                
                   CCPISR   0x000032    program     static C:\Users\Julian Santos\MPLABXProjects\InterruptAssembler.X\InterruptMain.asm
                     S200   0x00007c    program     static C:\Users\Julian Santos\MPLABXProjects\InterruptAssembler.X\InterruptMain.asm
                     S500   0x000056    program     static C:\Users\Julian Santos\MPLABXProjects\InterruptAssembler.X\InterruptMain.asm
             _.org_1_0070   0x000070    program     static C:\Users\Julian Santos\MPLABXProjects\InterruptAssembler.X\InterruptMain.asm
             _.org_1_0086   0x000086    program     static C:\Users\Julian Santos\MPLABXProjects\InterruptAssembler.X\InterruptMain.asm
                    bucle   0x00004a    program     static C:\Users\Julian Santos\MPLABXProjects\InterruptAssembler.X\InterruptMain.asm
                       d0   0x000096    program     static C:\Users\Julian Santos\MPLABXProjects\InterruptAssembler.X\InterruptMain.asm
                       d1   0x00009c    program     static C:\Users\Julian Santos\MPLABXProjects\InterruptAssembler.X\InterruptMain.asm
                       d2   0x0000a8    program     static C:\Users\Julian Santos\MPLABXProjects\InterruptAssembler.X\InterruptMain.asm
                delay10ms   0x000092    program     static C:\Users\Julian Santos\MPLABXProjects\InterruptAssembler.X\InterruptMain.asm
                delayW0ms   0x0000a6    program     static C:\Users\Julian Santos\MPLABXProjects\InterruptAssembler.X\InterruptMain.asm
                     here   0x000014    program     static C:\Users\Julian Santos\MPLABXProjects\InterruptAssembler.X\InterruptMain.asm
                  initccp   0x000020    program     static C:\Users\Julian Santos\MPLABXProjects\InterruptAssembler.X\InterruptMain.asm
                  initmcu   0x00001a    program     static C:\Users\Julian Santos\MPLABXProjects\InterruptAssembler.X\InterruptMain.asm
                     main   0x00000c    program     static C:\Users\Julian Santos\MPLABXProjects\InterruptAssembler.X\InterruptMain.asm



                              Symbols - Sorted by Address
                     Name    Address   Location    Storage File                     
                ---------  ---------  ---------  --------- ---------                
                     main   0x00000c    program     static C:\Users\Julian Santos\MPLABXProjects\InterruptAssembler.X\InterruptMain.asm
                     here   0x000014    program     static C:\Users\Julian Santos\MPLABXProjects\InterruptAssembler.X\InterruptMain.asm
                  initmcu   0x00001a    program     static C:\Users\Julian Santos\MPLABXProjects\InterruptAssembler.X\InterruptMain.asm
                  initccp   0x000020    program     static C:\Users\Julian Santos\MPLABXProjects\InterruptAssembler.X\InterruptMain.asm
                   CCPISR   0x000032    program     static C:\Users\Julian Santos\MPLABXProjects\InterruptAssembler.X\InterruptMain.asm
                    bucle   0x00004a    program     static C:\Users\Julian Santos\MPLABXProjects\InterruptAssembler.X\InterruptMain.asm
                     S500   0x000056    program     static C:\Users\Julian Santos\MPLABXProjects\InterruptAssembler.X\InterruptMain.asm
             _.org_1_0070   0x000070    program     static C:\Users\Julian Santos\MPLABXProjects\InterruptAssembler.X\InterruptMain.asm
                     S200   0x00007c    program     static C:\Users\Julian Santos\MPLABXProjects\InterruptAssembler.X\InterruptMain.asm
             _.org_1_0086   0x000086    program     static C:\Users\Julian Santos\MPLABXProjects\InterruptAssembler.X\InterruptMain.asm
                delay10ms   0x000092    program     static C:\Users\Julian Santos\MPLABXProjects\InterruptAssembler.X\InterruptMain.asm
                       d0   0x000096    program     static C:\Users\Julian Santos\MPLABXProjects\InterruptAssembler.X\InterruptMain.asm
                       d1   0x00009c    program     static C:\Users\Julian Santos\MPLABXProjects\InterruptAssembler.X\InterruptMain.asm
                delayW0ms   0x0000a6    program     static C:\Users\Julian Santos\MPLABXProjects\InterruptAssembler.X\InterruptMain.asm
                       d2   0x0000a8    program     static C:\Users\Julian Santos\MPLABXProjects\InterruptAssembler.X\InterruptMain.asm


